Resolved 76 packages in 269ms
Downloading pillow (6.6MiB)
Downloading hf-xet (4.3MiB)
Downloading fonttools (4.8MiB)
Downloading kiwisolver (1.4MiB)
Downloading nvidia-cudnn-cu13 (349.2MiB)
Downloading nvidia-cusparselt-cu13 (162.3MiB)
Downloading nvidia-curand (56.8MiB)
Downloading nvidia-cuda-cupti (10.2MiB)
Downloading scikit-learn (8.7MiB)
Downloading scipy (33.7MiB)
Downloading torch (502.2MiB)
Downloading numpy (15.9MiB)
Downloading networkx (2.0MiB)
Downloading pygments (1.2MiB)
Downloading nvidia-nvshmem-cu13 (57.6MiB)
Downloading nvidia-cufft (204.2MiB)
Downloading nvidia-cuda-nvrtc (86.0MiB)
Downloading sympy (6.0MiB)
Downloading nvidia-cublas (403.5MiB)
Downloading nvidia-cuda-runtime (2.1MiB)
Downloading matplotlib (9.6MiB)
Downloading cuda-bindings (6.3MiB)
Downloading torchvision (7.3MiB)
Downloading nvidia-cufile (1.2MiB)
Downloading triton (188.6MiB)
Downloading nvidia-nvjitlink (38.9MiB)
Downloading nvidia-nccl-cu13 (196.4MiB)
Downloading nvidia-cusolver (191.6MiB)
Downloading pandas (10.4MiB)
Downloading opencv-python (70.4MiB)
Downloading timm (2.5MiB)
Downloading nvidia-cusparse (139.2MiB)
 Downloaded nvidia-cufile
 Downloaded kiwisolver
 Downloaded nvidia-cuda-runtime
 Downloaded pygments
 Downloaded timm
 Downloaded hf-xet
 Downloaded networkx
 Downloaded fonttools
 Downloaded cuda-bindings
 Downloaded pillow
 Downloaded torchvision
 Downloaded nvidia-cuda-cupti
 Downloaded scikit-learn
 Downloaded matplotlib
 Downloaded sympy
 Downloaded numpy
 Downloaded nvidia-nvjitlink
 Downloaded scipy
 Downloaded pandas
 Downloaded nvidia-curand
 Downloaded nvidia-nvshmem-cu13
 Downloaded opencv-python
 Downloaded nvidia-cuda-nvrtc
 Downloaded nvidia-cusparse
 Downloaded nvidia-cusparselt-cu13
 Downloaded nvidia-cusolver
 Downloaded nvidia-nccl-cu13
 Downloaded triton
 Downloaded nvidia-cufft
 Downloaded nvidia-cudnn-cu13
 Downloaded nvidia-cublas
 Downloaded torch
Prepared 76 packages in 15.99s
Installed 76 packages in 206ms
 + anyio==4.14.2
 + beautifulsoup4==4.15.0
 + captum==0.9.0
 + certifi==2026.7.22
 + charset-normalizer==3.4.9
 + click==8.4.2
 + contourpy==1.3.3
 + cuda-bindings==13.3.1
 + cuda-pathfinder==1.6.0
 + cuda-toolkit==13.0.3.0
 + cycler==0.12.1
 + et-xmlfile==2.0.0
 + filelock==3.32.2
 + fonttools==4.63.0
 + fsspec==2026.7.0
 + gdown==6.1.0
 + h11==0.16.0
 + hf-xet==1.6.0
 + httpcore==1.0.9
 + httpx==0.28.1
 + huggingface-hub==1.27.0
 + idna==3.18
 + iniconfig==2.3.0
 + jinja2==3.1.6
 + joblib==1.5.3
 + kiwisolver==1.5.0
 + markupsafe==3.0.3
 + matplotlib==3.11.0
 + mpmath==1.3.0
 + narwhals==2.24.0
 + networkx==3.6.1
 + numpy==2.5.1
 + nvidia-cublas==13.1.1.3
 + nvidia-cuda-cupti==13.0.85
 + nvidia-cuda-nvrtc==13.0.88
 + nvidia-cuda-runtime==13.0.96
 + nvidia-cudnn-cu13==9.20.0.48
 + nvidia-cufft==12.0.0.61
 + nvidia-cufile==1.15.1.6
 + nvidia-curand==10.4.0.35
 + nvidia-cusolver==12.0.4.66
 + nvidia-cusparse==12.6.3.3
 + nvidia-cusparselt-cu13==0.8.1
 + nvidia-nccl-cu13==2.29.7
 + nvidia-nvjitlink==13.3.33
 + nvidia-nvshmem-cu13==3.4.5
 + nvidia-nvtx==13.0.85
 + opencv-python==5.0.0.93
 + openpyxl==3.1.5
 + packaging==26.3
 + pandas==3.0.3
 + pillow==12.3.0
 + pluggy==1.6.0
 + pygments==2.20.0
 + pyparsing==3.3.2
 + pysocks==1.7.1
 + pytest==9.1.1
 + python-dateutil==2.9.0.post0
 + pyyaml==6.0.3
 + requests==2.34.2
 + safetensors==0.8.0
 + scikit-learn==1.9.0
 + scipy==1.18.0
 + seaborn==0.13.2
 + setuptools==83.0.0
 + six==1.17.0
 + soupsieve==2.9.2
 + sympy==1.14.0
 + threadpoolctl==3.6.0
 + timm==1.0.27
 + torch==2.13.0
 + torchvision==0.28.0
 + tqdm==4.70.0
 + triton==3.7.1
 + typing-extensions==4.16.0
 + urllib3==2.7.0
